// Jest Snapshot v1, https://goo.gl/fbAQLP

exports[`design-system/Button/NotificationButton Default smoke-test 1`] = `
<div class="relative w-fit h-fit">
  <button class="w-fit flex items-center border-solid group gap-2 cursor-pointer rounded-lg border font-bold text-white hover:!text-white bg-primary-7 hover:!bg-primary-8 border-primary-7 hover:!border-primary-8 p-3.5">
    <span class="ri-leaf-line font-normal text-center h-5 w-5 text-[1.25rem] leading-[1.25rem] fill-white group-hover:fill-white">
    </span>
  </button>
  <div class="text-primary fill-primary bg-primary-3 text-xs inline-flex items-center gap-1 p-2 rounded-full border-2 border-grey-1 shadow h-6 w-6 !p-0 justify-center absolute top-0 right-0 translate-x-1/3 -translate-y-1/3">
    <span class="font-extrabold leading-none">
      2
    </span>
  </div>
</div>
`;

exports[`design-system/Button/NotificationButton WithRef smoke-test 1`] = `
<div class="relative w-fit h-fit">
  <button class="w-fit flex items-center border-solid group gap-2 cursor-pointer rounded-lg border font-bold text-white hover:!text-white bg-primary-7 hover:!bg-primary-8 border-primary-7 hover:!border-primary-8 p-3.5">
    <span class="ri-leaf-line font-normal text-center h-5 w-5 text-[1.25rem] leading-[1.25rem] fill-white group-hover:fill-white">
    </span>
  </button>
  <div class="text-primary fill-primary bg-primary-3 text-xs inline-flex items-center gap-1 p-2 rounded-full border-2 border-grey-1 shadow h-6 w-6 !p-0 justify-center absolute top-0 right-0 translate-x-1/3 -translate-y-1/3">
    <span class="font-extrabold leading-none">
      2
    </span>
  </div>
</div>
`;
