// Jest Snapshot v1, https://goo.gl/fbAQLP

exports[`design-system/Header Default smoke-test 1`] = `
<header class="w-full bg-white relative">
  <div class="w-full xl:max-w-7xl 2xl:max-w-8xl mx-auto lg:py-3 lg:px-6 xl:px-2 flex items-center justify-between">
    <a href="/"
       class="block max-lg:w-full hover:!bg-primary-1 lg:rounded-lg bg-none"
    >
      <div class="max-lg:w-full max-lg:py-4 max-lg:flex-wrap flex gap-x-4">
        <div class="max-lg:py-2 max-lg:px-4 max-lg:w-full max-lg:border-b border-b-primary-4 flex justify-between">
          <div class="flex h-24 gap-1">
            <div class="h-full">
              <i class="ri-leaf-line text-primary-9 !text-8xl">
              </i>
            </div>
          </div>
          <button class="w-fit flex items-center border-solid group gap-2 cursor-pointer rounded-lg border font-bold text-primary-7 hover:!text-primary-8 bg-primary-0 hover:!bg-primary-1 border-primary-7 hover:!border-primary-8 p-2.5 lg:hidden h-fit">
            <span class="ri-menu-fill font-normal text-center h-5 w-5 text-[1.25rem] leading-[1.25rem] fill-primary-7 group-hover:fill-primary-8">
            </span>
          </button>
        </div>
        <div class="max-lg:w-full max-lg:pt-3 max-lg:px-4 max-lg:mx-3 lg:p-4 flex flex-col justify-center">
          <p class="text-primary-8 font-bold text-xl lg:text-2xl max-lg:text-center mb-0">
            Lorem ipsum
          </p>
          <p class="text-grey-8 font-medium text-sm max-lg:text-center mb-0">
            Lorem ipsum dolor sit amet, consectetur adipiscing elit
          </p>
        </div>
      </div>
    </a>
    <ul class="max-lg:hidden list-none flex gap-2 divide-x divide-x-grey-4 mb-0">
      <li class="pl-2 first-of-type:pl-0 pb-0">
        <a href="https://app.territoiresentransitions.fr/auth/signin"
           class="bg-none after:hidden w-fit flex items-center border-solid group gap-2 cursor-pointer rounded-lg border font-bold text-primary-7 hover:!text-primary-8 bg-white hover:!bg-primary-1 border-white hover:!border-primary-1 text-sm py-2.5 px-6 !px-4"
        >
          <span class="ri-user-line font-normal text-center h-5 w-5 text-[1.25rem] leading-[1.25rem] fill-primary-7 group-hover:fill-primary-8">
          </span>
          Se connecter
        </a>
      </li>
    </ul>
  </div>
  <div class="w-full bg-white">
    <div class="mx-auto px-4 lg:px-6 xl:max-w-7xl 2xl:max-w-8xl xl:px-2 text-sm">
      <button class="w-fit flex items-center border-solid group gap-2 cursor-pointer rounded-lg border font-bold text-primary-7 hover:!text-primary-8 bg-white hover:!bg-primary-1 border-white hover:!border-primary-1 text-sm py-2.5 px-6 flex-row-reverse lg:hidden ml-auto max-lg:hidden">
        <span class="ri-close-line font-normal text-center h-5 w-5 text-[1.25rem] leading-[1.25rem] fill-primary-7 group-hover:fill-primary-8">
        </span>
        Fermer
      </button>
      <ul class="list-none flex-col gap-4 mb-0 mt-6 lg:hidden max-lg:hidden">
        <li>
          <a href="https://app.territoiresentransitions.fr/auth/signin"
             class="bg-none after:hidden w-fit flex items-center border-solid group gap-2 cursor-pointer rounded-lg border font-bold text-primary-7 hover:!text-primary-8 bg-white hover:!bg-primary-1 border-white hover:!border-primary-1 text-sm py-2.5 px-6"
          >
            <span class="ri-user-line font-normal text-center h-5 w-5 text-[1.25rem] leading-[1.25rem] fill-primary-7 group-hover:fill-primary-8">
            </span>
            Se connecter
          </a>
        </li>
      </ul>
    </div>
  </div>
</header>
`;
