// Jest Snapshot v1, https://goo.gl/fbAQLP

exports[`Components/Panier d'actions/Modale action Ã  impact Default smoke-test 1`] = `
<button aria-expanded="false"
        aria-haspopup="dialog"
        class="w-fit flex items-center border-solid group gap-2 cursor-pointer rounded-lg border font-bold text-primary-7 hover:!text-primary-8 bg-primary-0 hover:!bg-primary-1 border-primary-7 hover:!border-primary-8 text-base py-3 px-6"
>
  Ouvrir la modale
</button>
`;
