// Jest Snapshot v1, https://goo.gl/fbAQLP

exports[`design-system/Divider Default smoke-test 1`] = `<hr class="w-full bg-gradient-to-r from-primary-3 to-primary-3">`;
