// Jest Snapshot v1, https://goo.gl/fbAQLP

exports[`design-system/Filters FiltersWithBadges smoke-test 1`] = `
<div class="mb-[500px]">
  <div class="flex justify-between items-start"
       title="Filtrer"
  >
    <div class="flex gap-2 flex-wrap">
    </div>
    <button class="w-fit flex items-center border-solid group gap-1 cursor-pointer rounded-lg border font-bold text-white hover:!text-white bg-primary-7 hover:!bg-primary-8 border-primary-7 hover:!border-primary-8 p-2">
      <span class="ri-equalizer-fill font-normal text-center h-4 w-4 text-[1rem] leading-[1rem] fill-white group-hover:fill-white">
      </span>
    </button>
  </div>
</div>
`;
