// Jest Snapshot v1, https://goo.gl/fbAQLP

exports[`design-system/Menu/ButtonMenu Default smoke-test 1`] = `
<div class="mb-52">
  <div class="mx-2 relative w-fit">
    <div class="relative w-fit h-fit">
      <button class="w-fit flex items-center border-solid group gap-1 cursor-pointer rounded-lg border font-bold text-white hover:!text-white bg-primary-7 hover:!bg-primary-8 border-primary-7 hover:!border-primary-8 p-2">
        <span class="ri-leaf-line font-normal text-center h-4 w-4 text-[1rem] leading-[1rem] fill-white group-hover:fill-white">
        </span>
      </button>
      <div class="text-primary fill-primary bg-primary-3 text-xs inline-flex items-center gap-1 p-2 rounded-full border-2 border-grey-1 shadow h-6 w-6 !p-0 justify-center absolute top-0 right-0 translate-x-1/3 -translate-y-1/3">
        <span class="font-extrabold leading-none">
          2
        </span>
      </div>
    </div>
  </div>
</div>
`;
